// Jest Snapshot v1, https://goo.gl/fbAQLP

exports[`site/pages/our-work/slices/shared/image renders the correct class by default 1`] = `
<div
  className="base"
>
  <img
    alt=""
    src="path/to/image"
  />
</div>
`;
