// Jest Snapshot v1, https://goo.gl/fbAQLP

exports[`site/pages/home/homepage-top-slice/ renders correctly 1`] = `
<section
  class="homepageTopSlice"
  data-cy="top-slice"
  id="this-is-a-test"
>
  <div
    class="sliceContainer"
  >
    <div
      class="sloganWrapper"
    >
      <h1
        class="badgerSlogan"
      >
        <span>
          Letâ€™s make
        </span>
         
        <span>
          things better
        </span>
      </h1>
    </div>
    <p
      class="sloganDescription fadeInUp"
    >
      <a
        class="sloganLink"
        href="/what-we-do/"
      >
        We are digital transformation experts who 
        <span
          class="sloganUnderline"
        >
          innovate and 
        </span>
        <span
          class="lastWord"
        >
          <span
            class="sloganUnderline"
          >
            deliver.
          </span>
          <svg
            class="arrow"
            viewBox="0 0 22 22"
            xmlns="http://www.w3.org/2000/svg"
          >
            <path
              d="M11 1l10 10-10 10-1.754-1.754 6.959-7.018H1V9.772h15.205l-6.96-7.018z"
              fill="#FC1D42"
              fill-rule="evenodd"
              stroke="#FC1D42"
            />
          </svg>
        </span>
      </a>
    </p>
  </div>
</section>
`;
