// Jest Snapshot v1, https://goo.gl/fbAQLP

exports[`site/pages/our-work/case-study/bmw/ renders correctly 1`] = `
<div
  class="caseStudy"
>
  <div>
    <div
      class="header"
      style="background-color:#f4f1f2"
    >
      <div
        class="header__container"
      >
        <div
          class="header__imageContainer"
          style="justify-content:center"
        >
          <img
            alt="Range of devices showing BMW virtual museum"
            class="header__image"
            src="header.jpg"
          />
        </div>
      </div>
    </div>
    <div
      class="content"
    >
      <div
        class="content__wrapper"
      >
        <h1
          class="content__mainTitle"
        >
          BMW Virtual Museum: The shortcut between you and the museum
        </h1>
      </div>
    </div>
  </div>
  <div
    class="content"
  >
    <div
      class="content__wrapper"
    >
      <h3>
        The challenge
      </h3>
      <p>
        The BMW Museum in Munich, Germany was opened in 1973 as one of the first brand museums. Displayed over 5,000 square metres of exhibition space are around 125 of the brand’s most precious and appealing cars, motorcycles and engines.
      </p>
      <p>
        The Museum is a living building, comprising many innovative and immersive exhibitions that exude BMW’s passion for technical innovation. BMW wanted to live that brand through the museum’s web presence, and turned to Red Badger to discover how.
      </p>
    </div>
  </div>
  <div
    class="quotation__wrapper"
  >
    <div
      class="quotation__innerWrapper"
    >
      <div
        class="quotation"
      >
        <blockquote
          class="quotation__quote"
        >
          <p
            class="quotation__text"
          >
            The BMW Museum Virtual Tour is a great way for visitors to immerse themselves in what the museum has to offer
          </p>
        </blockquote>
        <div
          class="quotation__author"
        >
          <div
            class="quotation__author__name"
          >
            — Dr. Rodepeter
          </div>
          <div
            class="quotation__author__title"
          >
            Director, BMW Museum
          </div>
        </div>
      </div>
    </div>
  </div>
  <div
    class="content"
  >
    <div
      class="content__wrapper"
    >
      <h3>
        Solution
      </h3>
      <p>
        Focusing on the museum’s unique Karl Schwanzer architectural design, as much a spectacle as the exhibits it houses, our 3D artists recreated the building along with some of its most iconic content. Using the latest HTML5 technologies and custom sound design, we brought the 3D model alive, allowing users to explore and experience the exhibit space.
      </p>
      <p>
        Using the companion iPhone, iPad and Android apps we created, visitors are able to retrieve the itinerary they created on the website to enhance their experience as they navigate around the museum.
        <img
          alt="A wide-shot black and white CG render of a car in a museum surrounded by ribbons of light"
          src="article.jpg"
        />
      </p>
    </div>
  </div>
  <div
    class="content"
  >
    <div
      class="content__wrapper"
    >
      <h3>
        Business benefits
      </h3>
      <p>
        By providing a joined-up experience across web, mobile and the museum itself, a visitor’s journey is supported from start to finish, enhancing what is already a unique experience.
      </p>
      <p>
        Providing greater insight to the museum’s contents and experience than ever before, BMW believes more visitors will be encouraged to enjoy what has long been one of Munich’s most popular highlights.
      </p>
    </div>
  </div>
  <div
    class="whatNext"
  >
    <div
      class="whatNext__tilesContainer"
    >
      <div
        class="whatNext__tile"
      >
        <figure>
          <a
            class=""
            href="/our-work/case-study/pride"
          >
            <img
              alt="Pride in London"
              class="whatNext__image"
              src="pride.gif"
            />
          </a>
          <figcaption
            class="whatNext__caption"
          >
            Pride in London
          </figcaption>
        </figure>
        <a
          class="whatNext__link"
          href="/our-work/case-study/pride"
        >
          <h2
            class="whatNext__title"
          >
            Delivering a best-in-class digital experience
            <span
              class="whatNext__arrow_wrapper"
            >
              <svg
                class="whatNext__arrow"
                viewBox="0 0 22 22"
                xmlns="http://www.w3.org/2000/svg"
              >
                <path
                  d="M11 1l10 10-10 10-1.754-1.754 6.959-7.018H1V9.772h15.205l-6.96-7.018z"
                  fill="#FC1D42"
                  fill-rule="evenodd"
                  stroke="#FC1D42"
                />
              </svg>
            </span>
          </h2>
        </a>
      </div>
      <div
        class="whatNext__tile"
      >
        <figure>
          <a
            class=""
            href="/our-work/case-study/financial-times"
          >
            <img
              alt="Financial Times"
              class="whatNext__image"
              src="financialTimesReadMore.jpg"
            />
          </a>
          <figcaption
            class="whatNext__caption"
          >
            Financial Times
          </figcaption>
        </figure>
        <a
          class="whatNext__link"
          href="/our-work/case-study/financial-times"
        >
          <h2
            class="whatNext__title"
          >
            Lasting change for a media giant
            <span
              class="whatNext__arrow_wrapper"
            >
              <svg
                class="whatNext__arrow"
                viewBox="0 0 22 22"
                xmlns="http://www.w3.org/2000/svg"
              >
                <path
                  d="M11 1l10 10-10 10-1.754-1.754 6.959-7.018H1V9.772h15.205l-6.96-7.018z"
                  fill="#FC1D42"
                  fill-rule="evenodd"
                  stroke="#FC1D42"
                />
              </svg>
            </span>
          </h2>
        </a>
      </div>
      <div
        class="whatNext__tile"
      >
        <figure>
          <a
            class=""
            href="/our-work/case-study/car-trawler"
          >
            <img
              alt="Car Trawler"
              class="whatNext__image"
              src="carTrawler.jpg"
            />
          </a>
          <figcaption
            class="whatNext__caption"
          >
            Car Trawler
          </figcaption>
        </figure>
        <a
          class="whatNext__link"
          href="/our-work/case-study/car-trawler"
        >
          <h2
            class="whatNext__title"
          >
            Creating complete CMS control for travel brands
            <span
              class="whatNext__arrow_wrapper"
            >
              <svg
                class="whatNext__arrow"
                viewBox="0 0 22 22"
                xmlns="http://www.w3.org/2000/svg"
              >
                <path
                  d="M11 1l10 10-10 10-1.754-1.754 6.959-7.018H1V9.772h15.205l-6.96-7.018z"
                  fill="#FC1D42"
                  fill-rule="evenodd"
                  stroke="#FC1D42"
                />
              </svg>
            </span>
          </h2>
        </a>
      </div>
    </div>
    <a
      class="whatNext__button"
      href="/our-work"
    >
      See more of our work
    </a>
  </div>
  <section
    class="contactUsContainer"
    id="contactUs"
  >
    <h2
      class="header"
    >
      We can help you
    </h2>
    <div
      class="contentContainer"
    >
      <ul
        class="list"
      >
        <li
          class="item"
        >
          Create & validate new ideas
        </li>
        <li
          class="item"
        >
          Deliver great quality products & services, fast
        </li>
        <li
          class="item"
        >
          Be bold with technology
        </li>
        <li
          class="item"
        >
          Be more customer centric
        </li>
        <li
          class="item"
        >
          Improve efficiency with lean practices
        </li>
        <li
          class="item"
        >
          Build capability & confidence
        </li>
      </ul>
      <div
        class="imgContainer"
      />
    </div>
    <div>
      <a
        class="mailToLink"
        href="mailto:hello@red-badger.com?Subject=Can%20you%20help%20me%20with%20..."
      >
        Send an email
      </a>
      <span
        class="talkToUs"
      >
        hello@red-badger.com
      </span>
    </div>
  </section>
</div>
`;
