// Jest Snapshot v1, https://goo.gl/fbAQLP

exports[`pages/our-work/case-study/pride/triptych renders correctly 1`] = `
<Triptych>
  <div>
    <div
      className="wrapper"
    >
      <picture>
        <img
          className="leftImg"
        />
      </picture>
      <picture>
        <img
          className="middleImg"
        />
      </picture>
      <picture>
        <img
          className="rightImg"
        />
      </picture>
    </div>
    <div>
      <form
        action=""
        className="controls"
      >
        <label
          key="0"
        >
          <span
            className="fakeControl "
          />
          <span
            className="controlsLabel"
          >
            First
          </span>
          <input
            className="controlsInput"
            name="image"
            onChange={[Function]}
            type="radio"
            value={0}
          />
        </label>
        <label
          key="1"
        >
          <span
            className="fakeControl fakeControlActive"
          />
          <span
            className="controlsLabel"
          >
            First
          </span>
          <input
            className="controlsInput"
            name="image"
            onChange={[Function]}
            type="radio"
            value={1}
          />
        </label>
        <label
          key="2"
        >
          <span
            className="fakeControl "
          />
          <span
            className="controlsLabel"
          >
            First
          </span>
          <input
            className="controlsInput"
            name="image"
            onChange={[Function]}
            type="radio"
            value={2}
          />
        </label>
      </form>
    </div>
  </div>
</Triptych>
`;
