// Jest Snapshot v1, https://goo.gl/fbAQLP

exports[`pages/our-work/case-study/slices/pride renders correctly 1`] = `
<Container
  layout="row-reverse"
  to="prideCaseStudy"
>
  <Text
    layout="rightCol"
  >
    <Header>
      Delivering a best-in-class digital experience
    </Header>
    <Description>
      Building a 5 star digital experience for Pride in Londonâ€™s mobile app using React Native, promoting inclusion and accessibility for an improved user experience.
    </Description>
    <ReadMore />
  </Text>
  <Image
    alt="Pride heart animation"
    src="listing.gif"
  />
</Container>
`;
