// Jest Snapshot v1, https://goo.gl/fbAQLP

exports[`site/pages/our-work/slices/shared/header renders correctly 1`] = `
<h2
  className="header"
>
  heading
</h2>
`;
