// Jest Snapshot v1, https://goo.gl/fbAQLP

exports[`site/pages/our-work/slices/shared/logo renders correctly 1`] = `
<img
  alt=""
  className="camden"
  src="path/to/image"
/>
`;
