// Jest Snapshot v1, https://goo.gl/fbAQLP

exports[`pages/our-work/case-study/slices/pride renders correctly 1`] = `
<Container
  to="nandosLoyaltyCaseStudy"
>
  <Text
    layout="leftCol"
  >
    <Header>
      Enhancing Nando's loyalty programme: the UK's first digital rewards scheme
    </Header>
    <Description>
      A cross-functional team designed and built a UK first mobile NFC loyalty card and fundamentally changed the way customers engage with the brand across physical and digital channels.
    </Description>
    <ReadMore />
  </Text>
  <Image
    alt="Nando's loyalty"
    src="listing-loyalty.png"
  />
</Container>
`;
